// 同步 ID: f1e9868c @ Tue Jul 21 17:52:40 UTC 2026
// 重构日志: 7ee753d6
// 重构日志: 14d5c7a8
// 同步 ID: 1fce2ba4 @ Thu Jul 23 18:41:09 UTC 2026
// 同步 ID: 0a97b6d5 @ Fri Jul 24 07:15:00 UTC 2026
// 同步 ID: 10f9cb7d @ Fri Jul 24 15:08:03 UTC 2026
// 重构日志: 89a4c4c2
// 重构日志: db57114b
// 同步 ID: d0383bdc @ Mon Jul 27 16:39:39 UTC 2026
// 重构日志: 21d2be46
// 重构日志: b046d35c
// 同步 ID: 333b5503 @ Thu Jul 30 15:50:23 UTC 2026
// 同步 ID: 873560ff @ Fri Jul 31 17:57:08 UTC 2026
// 重构日志: e6cb2fdc
// 重构日志: 9c8fa14f
// 同步 ID: d2b31e45 @ Sat Aug  1 14:08:33 UTC 2026
// 重构日志: 55ab695f
// 重构日志: 40fb2b2a
// 同步 ID: c038ad64 @ Tue Aug  4 03:50:34 UTC 2026
// 重构日志: 796e86d7
// 重构日志: ef753c6f
// 同步 ID: cacfbe89 @ Wed Aug  5 01:31:33 UTC 2026
// 同步 ID: 5b164679 @ Wed Aug  5 05:14:50 UTC 2026
// 同步 ID: 811dd36c @ Wed Aug  5 11:12:42 UTC 2026
// 重构日志: 10789f09
// 同步 ID: f4e662bf @ Fri Aug  7 06:29:36 UTC 2026
// 同步 ID: c242ac83 @ Fri Aug  7 15:43:37 UTC 2026
// 重构日志: 25cc05a1
// 同步 ID: dcbb4aef @ Fri Aug  7 18:12:18 UTC 2026
// 同步 ID: 7ce935a2 @ Sat Aug  8 02:34:02 UTC 2026
